clang -emit-llvm -O0 -c math.c -o math.bc
opt -mem2reg math.bc > math.mem2reg
mv math.mem2reg math.bc
llc -optimize-regalloc=0 -load Debug/lib/P4.so -regalloc=gc math.bc

INTERFERENCE GRAPH FOR FUNCTION main

Physical Registers
R2's neighbors: { R43 %0 %6 }
R2's neighbors: { R43 %1 %10 }
R2's neighbors: { R43 %10 }
R43's neighbors: { R2 %0 }
R43's neighbors: { R2 %1 %10 }
R43's neighbors: { %1 %10 %13 %15 %17 }
R43's neighbors: { R2 }
R43's neighbors: { %26 }
R46's neighbors: { %1 %10 %13 %24 }
R47's neighbors: { %3 }
R48's neighbors: { %1 %10 %13 %15 }
R48's neighbors: { %1 %10 %13 %19 %24 }
R49's neighbors: { }
R49's neighbors: { }
R49's neighbors: { }
R49's neighbors: { }
R49's neighbors: { }
R49's neighbors: { }
R49's neighbors: { }
R49's neighbors: { }
R49's neighbors: { }
R49's neighbors: { }
R49's neighbors: { }
R49's neighbors: { }
R49's neighbors: { }
R49's neighbors: { }
R49's neighbors: { }
R49's neighbors: { }
R49's neighbors: { }
R53's neighbors: { %0 %6 }
R53's neighbors: { %1 %10 }
R53's neighbors: { %1 %10 %13 %15 %19 %24 }
R76's neighbors: { %1 %10 %13 }
R80's neighbors: { %10 %13 }
R110's neighbors: { %0 %5 %6 }
R110's neighbors: { %1 %9 %10 }
R110's neighbors: { %1 %10 %13 %15 %19 %21 %24 }
R115's neighbors: { }

Virtual Registers
%0's neighbors: { R2 R43 R53 R110 %3 %5 %6 %33 }
%1's neighbors: { R2 R43 R43 R46 R48 R48 R53 R53 R76 R110 R110 %9 %10 %12 %13 %14 %15 %16 %17 %18 %19 %20 %21 %22 %23 %24 %27 %33 }
%2's neighbors: { %30 %32 %33 }
%3's neighbors: { R47 %0 }
%5's neighbors: { R110 %0 %6 }
%6's neighbors: { R2 R53 R110 %0 %5 }
%9's neighbors: { R110 %1 %10 }
%10's neighbors: { R2 R2 R43 R43 R46 R48 R48 R53 R53 R76 R80 R110 R110 %1 %9 %12 %13 %14 %15 %16 %17 %18 %19 %20 %21 %22 %23 %24 }
%12's neighbors: { %1 %10 %13 %14 %15 %16 }
%13's neighbors: { R43 R46 R48 R48 R53 R76 R80 R110 %1 %10 %12 %14 %15 %16 %17 %18 %19 %20 %21 %22 %23 %24 }
%14's neighbors: { %1 %10 %12 %13 %15 }
%15's neighbors: { R43 R48 R53 R110 %1 %10 %12 %13 %14 %16 %17 %18 %19 %20 %21 %22 %23 %24 }
%16's neighbors: { %1 %10 %12 %13 %15 }
%17's neighbors: { R43 %1 %10 %13 %15 %18 %19 }
%18's neighbors: { %1 %10 %13 %15 %17 %19 }
%19's neighbors: { R48 R53 R110 %1 %10 %13 %15 %17 %18 %20 %21 %22 %23 %24 }
%20's neighbors: { %1 %10 %13 %15 %19 %21 %22 }
%21's neighbors: { R110 %1 %10 %13 %15 %19 %20 %22 %23 %24 }
%22's neighbors: { %1 %10 %13 %15 %19 %20 %21 %23 }
%23's neighbors: { %1 %10 %13 %15 %19 %21 %22 %24 }
%24's neighbors: { R46 R48 R53 R110 %1 %10 %13 %15 %19 %21 %23 }
%26's neighbors: { R43 }
%27's neighbors: { %1 %28 }
%28's neighbors: { %27 %29 %30 %31 }
%29's neighbors: { %28 %30 }
%30's neighbors: { %2 %28 %29 %31 %32 }
%31's neighbors: { %28 %30 %32 }
%32's neighbors: { %2 %30 %31 }
%33's neighbors: { %0 %1 %2 }
gcc -lm math.s -o math.exe
