*******************************************************************************
                         ARRAY PREPROCESSOR ver. 1.0
*******************************************************************************



   1	GROUP testgroup
   3	 GRID HEXAGONAL
   4	 ELEMENT
   5	 GEOMETRY CIRCULAR 50
   7	 ADD NODE 7 2
   9	 GROUP_EXCITATION
  10	 AMPLITUDE UNIFORM 23
  11	 PHASE UNIFORM 94
  12	 END

** Generating GROUP: testgroup.
** PSTEP,QSTEP set to:100.000000,100.000000
** Grid ANGLE set to:60.000000 
** Group ROT_ANGLE set to: 0.000000 

** Writing output file: space.input.dat

NEL 
NPORTS
IDUM      REXA     REYA     REZA     THEA     PHEA     PSEA 
          AMP      PSH      PSC      PHEPOL
   1
   1
   1
   1
   1 	  800.00   173.21     0.00     0.00     0.00     0.00
   1 	  800.00   173.21     0.00     0.00     0.00     0.00
   	   23.00    94.00     0.00    90.00
   	   23.00    94.00     0.00    90.00

** End writing output file: space.input.dat 
